// Jest Snapshot v1, https://goo.gl/fbAQLP

exports[`App.vue Elements are rendered correctly Component renders 1`] = `
<section class="hero is-info is-fullheight">
  <div class="hero-head">
    <navbar-stub>
      <div id="speechRecognition"><span data-label="Mute" class="is-light is-bottom is-medium b-tooltip" style="transition-delay: 0ms;"></span> <span data-label="Unmute" class="is-light is-bottom is-medium b-tooltip" style="transition-delay: 0ms;"><button id="unmuteButton" class="button is-info"><span class="icon"><i class="fas fa-microphone-slash fa-2x"></i></span></button></span></div>
    </navbar-stub>
  </div>
  <section class="hero is-info is-fullheight" user-input="">
    <div class="hero-head">
      <navbar-stub>
        <div id="speechRecognition"><span data-label="Mute" class="is-light is-bottom is-medium b-tooltip" style="transition-delay: 0ms;"></span> <span data-label="Unmute" class="is-light is-bottom is-medium b-tooltip" style="transition-delay: 0ms;"><button id="unmuteButton" class="button is-info"><span class="icon"><i class="fas fa-microphone-slash fa-2x"></i></span></button></span></div>
      </navbar-stub>
    </div>
    <!---->
  </section>
</section>
`;

exports[`App.vue error message is shown 1`] = `
<section class="hero is-info is-fullheight">
  <div class="hero-head">
    <navbar-stub>
      <div id="speechRecognition"><span data-label="Mute" class="is-light is-bottom is-medium b-tooltip" style="transition-delay: 0ms;"></span> <span data-label="Unmute" class="is-light is-bottom is-medium b-tooltip" style="transition-delay: 0ms;"><button id="unmuteButton" class="button is-info"><span class="icon"><i class="fas fa-microphone-slash fa-2x"></i></span></button></span></div>
    </navbar-stub>
  </div>
  <section class="hero is-info is-fullheight" user-input="">
    <div class="hero-head">
      <navbar-stub>
        <div id="speechRecognition"><span data-label="Mute" class="is-light is-bottom is-medium b-tooltip" style="transition-delay: 0ms;"></span> <span data-label="Unmute" class="is-light is-bottom is-medium b-tooltip" style="transition-delay: 0ms;"><button id="unmuteButton" class="button is-info"><span class="icon"><i class="fas fa-microphone-slash fa-2x"></i></span></button></span></div>
      </navbar-stub>
    </div>
    <!---->
  </section>
</section>
`;

exports[`App.vue position is put successfully 1`] = `
<section class="hero is-info is-fullheight">
  <div class="hero-head">
    <navbar-stub>
      <div id="speechRecognition"><span data-label="Mute" class="is-light is-bottom is-medium b-tooltip" style="transition-delay: 0ms;"></span> <span data-label="Unmute" class="is-light is-bottom is-medium b-tooltip" style="transition-delay: 0ms;"><button id="unmuteButton" class="button is-info"><span class="icon"><i class="fas fa-microphone-slash fa-2x"></i></span></button></span></div>
    </navbar-stub>
  </div>
  <section class="hero is-info is-fullheight" user-input="">
    <div class="hero-head">
      <navbar-stub>
        <div id="speechRecognition"><span data-label="Mute" class="is-light is-bottom is-medium b-tooltip" style="transition-delay: 0ms;"></span> <span data-label="Unmute" class="is-light is-bottom is-medium b-tooltip" style="transition-delay: 0ms;"><button id="unmuteButton" class="button is-info"><span class="icon"><i class="fas fa-microphone-slash fa-2x"></i></span></button></span></div>
      </navbar-stub>
    </div>
    <!---->
  </section>
</section>
`;
