// Jest Snapshot v1, https://goo.gl/fbAQLP

exports[`DialogPage.vue Elements are rendered correctly Component renders 1`] = `
<div class="hero-body">
  <div id="container" class="container has-text-centered">
    <div class="columns is-vcentered">
      <div class="column">
        <chat-stub participants="[object Object]" messages="[object Object]" myself="[object Object]" chattitle="Gunter PDA" placeholder="Enter message" ontype="function () { [native code] }" onmessagesubmit="function () { [native code] }" colors="[object Object]" borderstyle="[object Object]" hideclosebutton="true" submiticonsize="30px" closebuttoniconsize="20px" onclose="function _default() {
        return false;
      }" scrollbottom="[object Object]" displayheader="true"></chat-stub>
      </div>
      <div class="column">
        <!---->
        <!---->
        <!---->
        <!---->
      </div>
    </div>
  </div>
</div>
`;

exports[`DialogPage.vue methods work api error is displayed properly 1`] = `
<div class="hero-body">
  <div id="container" class="container has-text-centered">
    <div class="columns is-vcentered">
      <div class="column">
        <chat-stub participants="[object Object]" messages="[object Object]" myself="[object Object]" chattitle="Gunter PDA" placeholder="Enter message" ontype="function () { [native code] }" onmessagesubmit="function () { [native code] }" colors="[object Object]" borderstyle="[object Object]" hideclosebutton="true" submiticonsize="30px" closebuttoniconsize="20px" onclose="function _default() {
        return false;
      }" scrollbottom="[object Object]" displayheader="true"></chat-stub>
      </div>
      <div class="column">
        <!---->
        <!---->
        <!---->
        <!---->
      </div>
    </div>
  </div>
</div>
`;

exports[`DialogPage.vue methods work geolocation error message is shown if location can not be identified 1`] = `
<div class="hero-body">
  <div id="container" class="container has-text-centered">
    <div class="columns is-vcentered">
      <div class="column">
        <chat-stub participants="[object Object]" messages="[object Object]" myself="[object Object]" chattitle="Gunter PDA" placeholder="Enter message" ontype="function () { [native code] }" onmessagesubmit="function () { [native code] }" colors="[object Object]" borderstyle="[object Object]" hideclosebutton="true" submiticonsize="30px" closebuttoniconsize="20px" onclose="function _default() {
        return false;
      }" scrollbottom="[object Object]" displayheader="true"></chat-stub>
      </div>
      <div class="column">
        <!---->
        <!---->
        <!---->
        <!---->
      </div>
    </div>
  </div>
</div>
`;
