// Jest Snapshot v1, https://goo.gl/fbAQLP

exports[`Help.vue Elements are rendered correctly Component renders 1`] = `
<div id="help" class="hero-body">
  <div class="container">
    <div class="columns">
      <div class="column">
        <h1 class="title">
          Help Section
        </h1> <br>
        <h2 class="subtitle">
          What is Gunter?
        </h2>
        <p>
          Gunter is an intelligent Personal Digital Assistant.
          You can talk to him and he will talk to you.<br>
          Gunter offers four fundamental use cases which you can navigate to
          with the buttons in the Navbar or via speech.
        </p> <br>
        <h2 class="subtitle">
          The Use Cases
        </h2>
        <p>morning-routine: Notification when you have to get up</p>
        <p>travel-planning: Notification about low travel prices</p>
        <p>lunch-break: Shows you nice restaurants for your lunch break</p>
        <p>personal-trainer: Tells you when you can do sports</p>
      </div>
      <div class="column">
        <h2 class="subtitle">
          Everything you can say to Gunter
        </h2>
        <table class="table">
          <thead>
            <tr>
              <th>Command</th>
              <th>Result</th>
            </tr>
          </thead>
          <tbody>
            <tr>
              <th>morning-routine</th>
              <th>Switch to morning-routine use case</th>
            </tr>
            <tr>
              <th>travel-planning</th>
              <th>Switch to travel-planning use case</th>
            </tr>
            <tr>
              <th>lunch-break</th>
              <th>Switch to lunch-break use case</th>
            </tr>
            <tr>
              <th>personal-trainer</th>
              <th>Switch to personal-trainer use case</th>
            </tr>
            <tr>
              <th>Calendar</th>
              <th>Switch to calendar</th>
            </tr>
            <tr>
              <th>Preferences</th>
              <th>Switch to preferences</th>
            </tr>
            <tr>
              <th>Help</th>
              <th>Show this help page</th>
            </tr>
            <tr>
              <th>Time</th>
              <th>Gunter tells you the current time</th>
            </tr>
          </tbody>
        </table>
      </div>
    </div>
  </div>
</div>
`;
