// Jest Snapshot v1, https://goo.gl/fbAQLP

exports[`LandingPage.vue Elements are rendered correctly Component renders 1`] = `
<div class="hero-body">
  <div id="container" class="container has-text-centered">
    <div class="column is-6 is-offset-3">
      <h1 class="title is-1">
        Welcome to Gunter!
      </h1>
      <h2 class="subtitle is-4">
        Worlds smartest PDA
      </h2>
      <div class="box">
        <div class="field is-grouped">
          <p class="control is-expanded"><input type="text" placeholder="Start speaking or typing" class="input"></p>
          <p class="control"></p>
        </div>
      </div>
    </div>
  </div>
</div>
`;
