// Jest Snapshot v1, https://goo.gl/fbAQLP

exports[`SpeechRecognition.vue Elements are rendered correctly Component renders 1`] = `<div id="speechRecognition"><span data-label="Mute" class="is-light is-bottom is-medium b-tooltip" style="transition-delay: 0ms;"><button id="muteButton" class="button is-info"><span class="icon"><i class="fas fa-microphone fa-2x"></i></span></button></span> <span data-label="Unmute" class="is-light is-bottom is-medium b-tooltip" style="transition-delay: 0ms;"></span></div>`;
